exports[`test PostButton renders correctly 1`] = `
<View
  accessibilityComponentType={undefined}
  accessibilityLabel={undefined}
  accessibilityTraits={undefined}
  accessible={true}
  hitSlop={undefined}
  onLayout={undefined}
  onResponderGrant={[Function]}
  onResponderMove={[Function]}
  onResponderRelease={[Function]}
  onResponderTerminate={[Function]}
  onResponderTerminationRequest={[Function]}
  onStartShouldSetResponder={[Function]}
  style={
    Array [
      Object {
        "backgroundColor": "transparent",
      },
      Object {
        "alignItems": "center",
        "backgroundColor": "#2574A9",
        "borderRadius": 1000,
        "bottom": 20,
        "height": 80,
        "justifyContent": "center",
        "position": "absolute",
        "right": 20,
        "width": 80,
      },
    ]
  }
  testID={undefined}>
  <Text
    accessible={true}
    allowFontScaling={true}
    ellipsizeMode="tail"
    style={
      Object {
        "color": "#FFF",
        "fontSize": 50,
        "textAlign": "center",
        "textAlignVertical": "center",
      }
    }>
    +
  </Text>
</View>
`;
